src/app/profile/[username]/page.tsx(607,6): error TS17008: JSX element 'div' has no corresponding closing tag.
src/app/profile/[username]/page.tsx(1982,21): error TS1005: ')' expected.
src/app/profile/[username]/page.tsx(2527,9): error TS17015: Expected corresponding closing tag for JSX fragment.
src/app/profile/[username]/page.tsx(2527,12): error TS1382: Unexpected token. Did you mean `{'>'}` or `&gt;`?
src/app/profile/[username]/page.tsx(2530,1): error TS1381: Unexpected token. Did you mean `{'}'}` or `&rbrace;`?
src/app/profile/[username]/page.tsx(2531,1): error TS1005: '</' expected.
